// Jest Snapshot v1, https://goo.gl/fbAQLP

exports[`Moods Container matches a snapshot 1`] = `
<Provider
  store={
    Object {
      "dispatch": [Function],
      "getState": [Function],
      "replaceReducer": [Function],
      "subscribe": [Function],
      Symbol(observable): [Function],
    }
  }
>
  <Moods>
    <button
      onClick={[Function]}
    >
      START
    </button>
  </Moods>
</Provider>
`;
